mkdir p1
ls
mkdir p2
ls
mkdir p5
ls
cd p2
mkdir p3
ls
tree
cd ..
tree
cd p2
cd p3
mkdir p4
ls
cd ..
tree
cd p5
mkdir p6
ls
mkdir p7
ls
cd p7
mkdir p8
ls
cd ..
tree
python3
vim prog.py
python3 prog.py
vim prog.ra
mv prog.ra prog.py
vim prog.py 
python3 prog.py 
randalla009@linuxmc:~$
randalla009@linuxmc:~$ python3
Python 3.5.2 (default, Nov 17 2016, 17:05:23)
[GCC 5.4.0 20160609] on linux
Type "help", "copyright", "credits" or "license" for more information.
>>>
>>> 1+2
3
>>> 8*7
56
>>>
...
randalla009@linuxmc:~$ vim prog.py
randalla009@linuxmc:~$ python3 prog.py
Mensagem
outra mensagem bla bla
randalla009@linuxmc:~$ vim prog.ra
randalla009@linuxmc:~$ mv prog.ra prog.py
randalla009@linuxmc:~$ vim prog.py
randalla009@linuxmc:~$ python3 prog.py
a mensagem da primeira linha
a mensagem da segunda linha
a mensagem da terceira linha
randalla009@linuxmc:~$
randalla009@linuxmc:~$ python3
Python 3.5.2 (default, Nov 17 2016, 17:05:23)
[GCC 5.4.0 20160609] on linux
Type "help", "copyright", "credits" or "license" for more information.
>>>
>>> 1+2
3
>>> 8*7
56
>>>
...
randalla009@linuxmc:~$ vim prog.py
randalla009@linuxmc:~$ python3 prog.py
Mensagem
outra mensagem bla bla
randalla009@linuxmc:~$ vim prog.ra
randalla009@linuxmc:~$ mv prog.ra prog.py
randalla009@linuxmc:~$ vim prog.py
randalla009@linuxmc:~$ python3 prog.py
a mensagem da primeira linha
a mensagem da segunda linha
a mensagem da terceira linha
randalla009@linuxmc:~$
randalla009@linuxmc:~$ randalla009@linuxmc:~$ mv prog.ra prog.py
randalla009@linuxmc:~$: command not found
randalla009@linuxmc:~$ randalla009@linuxmc:~$ vim prog.py
randalla009@linuxmc:~$: command not found
randalla009@linuxmc:~$ randalla009@linuxmc:~$ python3 prog.py
randalla009@linuxmc:~$: command not found
randalla009@linuxmc:~$ a mensagem da primeira linha
a: command not found
randalla009@linuxmc:~$ a mensagem da segunda linha
a: command not found
randalla009@linuxmc:~$ a mensagem da terceira linha
a: command not found
randalla009@linuxmc:~$ randalla009@linuxmc:~$
randalla009@linuxmc:~$: command not found
randalla009@linuxmc:~$
randalla009@linuxmc:~$ randalla009@linuxmc:~$ mv prog.ra prog.py
randalla009@linuxmc:~$: command not found
randalla009@linuxmc:~$ randalla009@linuxmc:~$ vim prog.py
randalla009@linuxmc:~$: command not found
randalla009@linuxmc:~$ randalla009@linuxmc:~$ python3 prog.py
randalla009@linuxmc:~$: command not found
randalla009@linuxmc:~$ a mensagem da primeira linha
a: command not found
randalla009@linuxmc:~$ a mensagem da segunda linha
a: command not found
randalla009@linuxmc:~$ a mensagem da terceira linha
a: command not found
randalla009@linuxmc:~$ randalla009@linuxmc:~$
randalla009@linuxmc:~$: command not found
randalla009@linuxmc:~$
randalla009@linuxmc:~$ randalla009@linuxmc:~$ mv prog.ra prog.py
randalla009@linuxmc:~$: command not found
randalla009@linuxmc:~$ randalla009@linuxmc:~$ vim prog.py
randalla009@linuxmc:~$: command not found
randalla009@linuxmc:~$ randalla009@linuxmc:~$ python3 prog.py
randalla009@linuxmc:~$: command not found
randalla009@linuxmc:~$ a mensagem da primeira linha
a: command not found
randalla009@linuxmc:~$ a mensagem da segunda linha
a: command not found
randalla009@linuxmc:~$ a mensagem da terceira linha
a: command not found
randalla009@linuxmc:~$ randalla009@linuxmc:~$
randalla009@linuxmc:~$: command not found
randalla009@linuxmc:~$
randalla009@linuxmc:~$ randalla009@linuxmc:~$ mv prog.ra prog.py
randalla009@linuxmc:~$: command not found
randalla009@linuxmc:~$ randalla009@linuxmc:~$ vim prog.py
randalla009@linuxmc:~$: command not found
randalla009@linuxmc:~$ randalla009@linuxmc:~$ python3 prog.py
randalla009@linuxmc:~$: command not found
randalla009@linuxmc:~$ a mensagem da primeira linha
a: command not found
randalla009@linuxmc:~$ a mensagem da segunda linha
a: command not found
randalla009@linuxmc:~$ a mensagem da terceira linha
a: command not found
randalla009@linuxmc:~$ randalla009@linuxmc:~$
randalla009@linuxmc:~$: command not found
randalla009@linuxmc:~$
randalla009@linuxmc:~$ randalla009@linuxmc:~$ mv prog.ra prog.py
randalla009@linuxmc:~$: command not found
randalla009@linuxmc:~$ randalla009@linuxmc:~$ vim prog.py
randalla009@linuxmc:~$: command not found
randalla009@linuxmc:~$ randalla009@linuxmc:~$ python3 prog.py
randalla009@linuxmc:~$: command not found
randalla009@linuxmc:~$ a mensagem da primeira linha
a: command not found
randalla009@linuxmc:~$ a mensagem da segunda linha
a: command not found
randalla009@linuxmc:~$ a mensagem da terceira linha
a: command not found
randalla009@linuxmc:~$ randalla009@linuxmc:~$
randalla009@linuxmc:~$: command not found
randalla009@linuxmc:~$
randalla009@linuxmc:~$ randalla009@linuxmc:~$ mv prog.ra prog.py
randalla009@linuxmc:~$: command not found
randalla009@linuxmc:~$ randalla009@linuxmc:~$ vim prog.py
randalla009@linuxmc:~$: command not found
randalla009@linuxmc:~$ randalla009@linuxmc:~$ python3 prog.py
randalla009@linuxmc:~$: command not found
randalla009@linuxmc:~$ a mensagem da primeira linha
a: command not found
randalla009@linuxmc:~$ a mensagem da segunda linha
a: command not found
randalla009@linuxmc:~$ a mensagem da terceira linha
a: command not found
randalla009@linuxmc:~$ randalla009@linuxmc:~$
randalla009@linuxmc:~$: command not found
randalla009@linuxmc:~$
randalla009@linuxmc:~$ randalla009@linuxmc:~$ mv prog.ra prog.py
randalla009@linuxmc:~$: command not found
randalla009@linuxmc:~$ randalla009@linuxmc:~$ vim prog.py
randalla009@linuxmc:~$: command not found
randalla009@linuxmc:~$ randalla009@linuxmc:~$ python3 prog.py
randalla009@linuxmc:~$: command not found
randalla009@linuxmc:~$ a mensagem da primeira linha
a: command not found
randalla009@linuxmc:~$ a mensagem da segunda linha
a: command not found
randalla009@linuxmc:~$ a mensagem da terceira linha
a: command not found
randalla009@linuxmc:~$ randalla009@linuxmc:~$
randalla009@linuxmc:~$: command not found
randalla009@linuxmc:~$
randalla009@linuxmc:~$ randalla009@linuxmc:~$ mv prog.ra prog.py
randalla009@linuxmc:~$: command not found
randalla009@linuxmc:~$ randalla009@linuxmc:~$ vim prog.py
randalla009@linuxmc:~$: command not found
randalla009@linuxmc:~$ randalla009@linuxmc:~$ python3 prog.py
randalla009@linuxmc:~$: command not found
randalla009@linuxmc:~$ a mensagem da primeira linha
a: command not found
randalla009@linuxmc:~$ a mensagem da segunda linha
a: command not found
randalla009@linuxmc:~$ a mensagem da terceira linha
a: command not found
randalla009@linuxmc:~$ randalla009@linuxmc:~$
randalla009@linuxmc:~$: command not found
randalla009@linuxmc:~$
randalla009@linuxmc:~$ randalla009@linuxmc:~$ mv prog.ra prog.py
randalla009@linuxmc:~$: command not found
randalla009@linuxmc:~$ randalla009@linuxmc:~$ vim prog.py
randalla009@linuxmc:~$: command not found
randalla009@linuxmc:~$ randalla009@linuxmc:~$ python3 prog.py
randalla009@linuxmc:~$: command not found
randalla009@linuxmc:~$ a mensagem da primeira linha
a: command not found
randalla009@linuxmc:~$ a mensagem da segunda linha
a: command not found
randalla009@linuxmc:~$ a mensagem da terceira linha
a: command not found
randalla009@linuxmc:~$ randalla009@linuxmc:~$
randalla009@linuxmc:~$: command not found
randalla009@linuxmc:~$
randalla009@linuxmc:~$ randalla009@linuxmc:~$ a mensagem da terceira linha
randalla009@linuxmc:~$: command not found
randalla009@linuxmc:~$ a: command not found
a:: command not found
randalla009@linuxmc:~$ randalla009@linuxmc:~$ randalla009@linuxmc:~$
randalla009@linuxmc:~$: command not found
randalla009@linuxmc:~$ randalla009@linuxmc:~$: command not found
randalla009@linuxmc:~$:: command not found
randalla009@linuxmc:~$ randalla009@linuxmc:~$
randalla009@linuxmc:~$: command not found
randalla009@linuxmc:~$ randalla009@linuxmc:~$
randalla009@linuxmc:~$: command not found
randalla009@linuxmc:~$ randalla009@linuxmc:~$
randalla009@linuxmc:~$: command not found
randalla009@linuxmc:~$ randalla009@linuxmc:~$
randalla009@linuxmc:~$: command not found
randalla009@linuxmc:~$ a:: command not found
a::: command not found
randalla009@linuxmc:~$ randalla009@linuxmc:~$ randalla009@linuxmc:~$ randalla009@linuxmc:~$
randalla009@linuxmc:~$: command not found
randalla009@linuxmc:~$ a:: command not found
a::: command not found
randalla009@linuxmc:~$ randalla009@linuxmc:~$ randalla009@linuxmc:~$ randalla009@linuxmc:~$
randalla009@linuxmc:~$: command not found
randalla009@linuxmc:~$ a:: command not found
a::: command not found
randalla009@linuxmc:~$ randalla009@linuxmc:~$ randalla009@linuxmc:~$ randalla009@linuxmc:~$
randalla009@linuxmc:~$: command not found
randalla009@linuxmc:~$ a:: command not found
a::: command not found
randalla009@linuxmc:~$ randalla009@linuxmc:~$ randalla009@linuxmc:~$ randalla009@linuxmc:~$
randalla009@linuxmc:~$: command not found
randalla009@linuxmc:~$ a:: command not found
a::: command not found
randalla009@linuxmc:~$ randalla009@linuxmc:~$ randalla009@linuxmc:~$ randalla009@linuxmc:~$
nd not found
randalla009@linuxmc:~$:: command not found
randalla009@linuxmc:~$ randalla009@linuxmc:~$ a:: command not found
randalla009@linuxmc:~$: command not found
randalla009@linuxmc:~$ a::: command not found
a:::: command not found
randalla009@linuxmc:~$ randalla009@linuxmc:~$ randalla009@linuxmc:~$ randalla009@linuxmc:~$ randalla009@linuxmc:~$
randalla009@linuxmc:~$: command not found
randalla009@linuxmc:~$
randalla009@linuxmc:~$ randalla009@linuxmc:~$: command not found
randalla009@linuxmc:~$:: command not found
randalla009@linuxmc:~$ randalla009@linuxmc:~$ a:: command not found
randalla009@linuxmc:~$: command not found
randalla009@linuxmc:~$ a::: command not found
a:::: command not found
randalla009@linuxmc:~$ randalla009@linuxmc:~$ randalla009@linuxmc:~$ randalla009@linuxmc:~$ randalla009@linuxmc:~$
randalla009@linuxmc:~$: command not found
randalla009@linuxmc:~$
randalla009@linuxmc:~$ randalla009@linuxmc:~$: command not found
randalla009@linuxmc:~$:: command not found
randalla009@linuxmc:~$ randalla009@linuxmc:~$ a:: command not found
randalla009@linuxmc:~$: command not found
nd not found
randalla009@linuxmc:~$:: command not found
randalla009@linuxmc:~$ randalla009@linuxmc:~$ a:: command not found
randalla009@linuxmc:~$: command not found
randalla009@linuxmc:~$ a::: command not found
a:::: command not found
randalla009@linuxmc:~$ randalla009@linuxmc:~$ randalla009@linuxmc:~$ randalla009@linuxmc:~$ randalla009@linuxmc:~$
randalla009@linuxmc:~$: command not found
randalla009@linuxmc:~$
randalla009@linuxmc:~$ randalla009@linuxmc:~$: command not found
randalla009@linuxmc:~$:: command not found
randalla009@linuxmc:~$ randalla009@linuxmc:~$ a:: command not found
randalla009@linuxmc:~$: command not found
randalla009@linuxmc:~$ a::: command not found
a:::: command not found
randalla009@linuxmc:~$ randalla009@linuxmc:~$ randalla009@linuxmc:~$ randalla009@linuxmc:~$ randalla009@linuxmc:~$
randalla009@linuxmc:~$: command not found
randalla009@linuxmc:~$
randalla009@linuxmc:~$ randalla009@linuxmc:~$: command not found
randalla009@linuxmc:~$:: command not found
randalla009@linuxmc:~$ randalla009@linuxmc:~$ a:: command not found
randalla009@linuxmc:~$: command not found
nd not found
randalla009@linuxmc:~$:: command not found
randalla009@linuxmc:~$ randalla009@linuxmc:~$ a:: command not found
randalla009@linuxmc:~$: command not found
randalla009@linuxmc:~$ a::: command not found
a:::: command not found
randalla009@linuxmc:~$ randalla009@linuxmc:~$ randalla009@linuxmc:~$ randalla009@linuxmc:~$ randalla009@linuxmc:~$
randalla009@linuxmc:~$: command not found
randalla009@linuxmc:~$
randalla009@linuxmc:~$ randalla009@linuxmc:~$: command not found
randalla009@linuxmc:~$:: command not found
randalla009@linuxmc:~$ randalla009@linuxmc:~$ a:: command not found
randalla009@linuxmc:~$: command not found
randalla009@linuxmc:~$ a::: command not found
a:::: command not found
randalla009@linuxmc:~$ randalla009@linuxmc:~$ randalla009@linuxmc:~$ randalla009@linuxmc:~$ randalla009@linuxmc:~$
randalla009@linuxmc:~$: command not found
randalla009@linuxmc:~$
randalla009@linuxmc:~$ randalla009@linuxmc:~$: command not found
randalla009@linuxmc:~$:: command not found
randalla009@linuxmc:~$ randalla009@linuxmc:~$ a:: command not found
randalla009@linuxmc:~$: command not found
nd not found
randalla009@linuxmc:~$:: command not found
randalla009@linuxmc:~$ randalla009@linuxmc:~$ a:: command not found
randalla009@linuxmc:~$: command not found
randalla009@linuxmc:~$ a::: command not found
a:::: command not found
randalla009@linuxmc:~$ randalla009@linuxmc:~$ randalla009@linuxmc:~$ randalla009@linuxmc:~$ randalla009@linuxmc:~$
randalla009@linuxmc:~$: command not found
randalla009@linuxmc:~$
randalla009@linuxmc:~$ randalla009@linuxmc:~$: command not found
randalla009@linuxmc:~$:: command not found
randalla009@linuxmc:~$ randalla009@linuxmc:~$ a:: command not found
randalla009@linuxmc:~$: command not found
randalla009@linuxmc:~$ a::: command not found
a:::: command not found
randalla009@linuxmc:~$ randalla009@linuxmc:~$ randalla009@linuxmc:~$ randalla009@linuxmc:~$ randalla009@linuxmc:~$
randalla009@linuxmc:~$: command not found
randalla009@linuxmc:~$
randalla009@linuxmc:~$ randalla009@linuxmc:~$: command not found
randalla009@linuxmc:~$:: command not found
randalla009@linuxmc:~$ randalla009@linuxmc:~$ a:: command not found
randalla009@linuxmc:~$: command not found
nd not found
randalla009@linuxmc:~$:: command not found
randalla009@linuxmc:~$ randalla009@linuxmc:~$ a:: command not found
randalla009@linuxmc:~$: command not found
randalla009@linuxmc:~$ a::: command not found
a:::: command not found
randalla009@linuxmc:~$ randalla009@linuxmc:~$ randalla009@linuxmc:~$ randalla009@linuxmc:~$ randalla009@linuxmc:~$
randalla009@linuxmc:~$: command not found
randalla009@linuxmc:~$
randalla009@linuxmc:~$ randalla009@linuxmc:~$: command not found
randalla009@linuxmc:~$:: command not found
randalla009@linuxmc:~$ randalla009@linuxmc:~$ a:: command not found
randalla009@linuxmc:~$: command not found
randalla009@linuxmc:~$ a::: command not found
a:::: command not found
randalla009@linuxmc:~$ randalla009@linuxmc:~$ randalla009@linuxmc:~$ randalla009@linuxmc:~$ randalla009@linuxmc:~$
randalla009@linuxmc:~$: command not found
randalla009@linuxmc:~$
randalla009@linuxmc:~$ randalla009@linuxmc:~$: command not found
randalla009@linuxmc:~$:: command not found
randalla009@linuxmc:~$ randalla009@linuxmc:~$ a:: command not found
randalla009@linuxmc:~$: command not found
randalla009@linuxmc:~$ randalla009@linuxmc:~$: command not found
randalla009@linuxmc:~$:: command not found
randalla009@linuxmc:~$ nd not found
The program 'nd' is currently not installed. To run 'nd' please ask your administrator to install the package 'nd'
randalla009@linuxmc:~$ randalla009@linuxmc:~$:: command not found
randalla009@linuxmc:~$::: command not found
randalla009@linuxmc:~$ randalla009@linuxmc:~$ randalla009@linuxmc:~$ a:: command not found
randalla009@linuxmc:~$: command not found
randalla009@linuxmc:~$ randalla009@linuxmc:~$: command not found
randalla009@linuxmc:~$:: command not found
randalla009@linuxmc:~$ randalla009@linuxmc:~$ a::: command not found
randalla009@linuxmc:~$: command not found
randalla009@linuxmc:~$ a:::: command not found
a::::: command not found
randalla009@linuxmc:~$ randalla009@linuxmc:~$ randalla009@linuxmc:~$ randalla009@linuxmc:~$ randalla009@linuxmc:~$ randalla009@linuxmc:~$
randalla009@linuxmc:~$: command not found
randalla009@linuxmc:~$ randalla009@linuxmc:~$: command not found
randalla009@linuxmc:~$:: command not found
randalla009@linuxmc:~$ randalla009@linuxmc:~$
randalla009@linuxmc:~$: command not found
randalla009@linuxmc:~$ randalla009@linuxmc:~$ randalla009@linuxmc:~$: command not found
randalla009@linuxmc:~$: command not found
randalla009@linuxmc:~$ randalla009@linuxmc:~$:: command not found
randalla009@linuxmc:~$::: command not found
randalla009@linuxmc:~$ randalla009@linuxmc:~$ randalla009@linuxmc:~$ a:: command not found
randalla009@linuxmc:~$: command not found
randalla009@linuxmc:~$ randalla009@linuxmc:~$: command not found
randalla009@linuxmc:~$:: command not found
randalla009@linuxmc:~$ randalla009@linuxmc:~$ a::: command not found
randalla009@linuxmc:~$: command not found
randalla009@linuxmc:~$ a:::: command not found
a::::: command not found
randalla009@linuxmc:~$ randalla009@linuxmc:~$ randalla009@linuxmc:~$ randalla009@linuxmc:~$ randalla009@linuxmc:~$ randalla009@linuxmc:~$
randalla009@linuxmc:~$: command not found
randalla009@linuxmc:~$ randalla009@linuxmc:~$: command not found
randalla009@linuxmc:~$:: command not found
randalla009@linuxmc:~$ randalla009@linuxmc:~$
randalla009@linuxmc:~$: command not found
randalla009@linuxmc:~$ randalla009@linuxmc:~$ randalla009@linuxmc:~$: command not found
randalla009@linuxmc:~$: command not found
randalla009@linuxmc:~$ randalla009@linuxmc:~$:: command not found
randalla009@linuxmc:~$::: command not found
randalla009@linuxmc:~$ randalla009@linuxmc:~$ randalla009@linuxmc:~$ a:: command not found
randalla009@linuxmc:~$: command not found
randalla009@linuxmc:~$ randalla009@linuxmc:~$: command not found
randalla009@linuxmc:~$:: command not found
randalla009@linuxmc:~$
randalla009@linuxmc:~$: command not found
randalla009@linuxmc:~$ randalla009@linuxmc:~$: command not found
randalla009@linuxmc:~$:: command not found
randalla009@linuxmc:~$ nd not found
The program 'nd' is currently not installed. To run 'nd' please ask your administrator to install the package 'nd'
randalla009@linuxmc:~$ randalla009@linuxmc:~$:: command not found
randalla009@linuxmc:~$::: command not found
randalla009@linuxmc:~$ randalla009@linuxmc:~$ randalla009@linuxmc:~$ a:: command not found
randalla009@linuxmc:~$: command not found
randalla009@linuxmc:~$ randalla009@linuxmc:~$: command not found
randalla009@linuxmc:~$:: command not found
randalla009@linuxmc:~$ randalla009@linuxmc:~$ a::: command not found
randalla009@linuxmc:~$: command not found
randalla009@linuxmc:~$ a:::: command not found
a::::: command not found
randalla009@linuxmc:~$ randalla009@linuxmc:~$ randalla009@linuxmc:~$ randalla009@linuxmc:~$ randalla009@linuxmc:~$ randalla009@linuxmc:~$
randalla009@linuxmc:~$: command not found
randalla009@linuxmc:~$ randalla009@linuxmc:~$: command not found
randalla009@linuxmc:~$:: command not found
randalla009@linuxmc:~$ randalla009@linuxmc:~$
randalla009@linuxmc:~$: command not found
randalla009@linuxmc:~$ randalla009@linuxmc:~$ randalla009@linuxmc:~$: command not found
randalla009@linuxmc:~$: command not found
randalla009@linuxmc:~$ randalla009@linuxmc:~$:: command not found
randalla009@linuxmc:~$::: command not found
randalla009@linuxmc:~$ randalla009@linuxmc:~$ randalla009@linuxmc:~$ a:: command not found
randalla009@linuxmc:~$: command not found
randalla009@linuxmc:~$ randalla009@linuxmc:~$: command not found
randalla009@linuxmc:~$:: command not found
randalla009@linuxmc:~$ randalla009@linuxmc:~$ a::: command not found
randalla009@linuxmc:~$: command not found
randalla009@linuxmc:~$ a:::: command not found
a::::: command not found
randalla009@linuxmc:~$ randalla009@linuxmc:~$ randalla009@linuxmc:~$ randalla009@linuxmc:~$ randalla009@linuxmc:~$ randalla009@linuxmc:~$
randalla009@linuxmc:~$: command not found
randalla009@linuxmc:~$ randalla009@linuxmc:~$: command not found
randalla009@linuxmc:~$:: command not found
randalla009@linuxmc:~$ randalla009@linuxmc:~$
randalla009@linuxmc:~$: command not found
randalla009@linuxmc:~$ randalla009@linuxmc:~$ randalla009@linuxmc:~$: command not found
randalla009@linuxmc:~$: command not found
randalla009@linuxmc:~$ randalla009@linuxmc:~$:: command not found
randalla009@linuxmc:~$::: command not found
randalla009@linuxmc:~$ randalla009@linuxmc:~$ randalla009@linuxmc:~$ a:: command not found
randalla009@linuxmc:~$: command not found
randalla009@linuxmc:~$ randalla009@linuxmc:~$: command not found
randalla009@linuxmc:~$:: command not found
randalla009@linuxmc:~$
randalla009@linuxmc:~$: command not found
randalla009@linuxmc:~$ randalla009@linuxmc:~$: command not found
randalla009@linuxmc:~$:: command not found
randalla009@linuxmc:~$ nd not found
The program 'nd' is currently not installed. To run 'nd' please ask your administrator to install the package 'nd'
randalla009@linuxmc:~$ randalla009@linuxmc:~$:: command not found
randalla009@linuxmc:~$::: command not found
randalla009@linuxmc:~$ randalla009@linuxmc:~$ randalla009@linuxmc:~$ a:: command not found
randalla009@linuxmc:~$: command not found
randalla009@linuxmc:~$ randalla009@linuxmc:~$: command not found
randalla009@linuxmc:~$:: command not found
randalla009@linuxmc:~$ randalla009@linuxmc:~$ a::: command not found
randalla009@linuxmc:~$: command not found
randalla009@linuxmc:~$ a:::: command not found
a::::: command not found
randalla009@linuxmc:~$ randalla009@linuxmc:~$ randalla009@linuxmc:~$ randalla009@linuxmc:~$ randalla009@linuxmc:~$ randalla009@linuxmc:~$
randalla009@linuxmc:~$: command not found
randalla009@linuxmc:~$ randalla009@linuxmc:~$: command not found
randalla009@linuxmc:~$:: command not found
randalla009@linuxmc:~$ randalla009@linuxmc:~$
randalla009@linuxmc:~$: command not found
randalla009@linuxmc:~$ randalla009@linuxmc:~$ randalla009@linuxmc:~$: command not found
randalla009@linuxmc:~$: command not found
randalla009@linuxmc:~$ randalla009@linuxmc:~$:: command not found
randalla009@linuxmc:~$::: command not found
randalla009@linuxmc:~$ randalla009@linuxmc:~$ randalla009@linuxmc:~$ a:: command not found
randalla009@linuxmc:~$: command not found
randalla009@linuxmc:~$ randalla009@linuxmc:~$: command not found
randalla009@linuxmc:~$:: command not found
randalla009@linuxmc:~$ randalla009@linuxmc:~$ a::: command not found
randalla009@linuxmc:~$: command not found
randalla009@linuxmc:~$ a:::: command not found
a::::: command not found
randalla009@linuxmc:~$ randalla009@linuxmc:~$ randalla009@linuxmc:~$ randalla009@linuxmc:~$ randalla009@linuxmc:~$ randalla009@linuxmc:~$
randalla009@linuxmc:~$: command not found
randalla009@linuxmc:~$ randalla009@linuxmc:~$: command not found
randalla009@linuxmc:~$:: command not found
randalla009@linuxmc:~$ randalla009@linuxmc:~$
randalla009@linuxmc:~$: command not found
randalla009@linuxmc:~$ randalla009@linuxmc:~$ randalla009@linuxmc:~$: command not found
randalla009@linuxmc:~$: command not found
randalla009@linuxmc:~$ randalla009@linuxmc:~$:: command not found
randalla009@linuxmc:~$::: command not found
randalla009@linuxmc:~$ randalla009@linuxmc:~$ randalla009@linuxmc:~$ a:: command not found
randalla009@linuxmc:~$: command not found
randalla009@linuxmc:~$ randalla009@linuxmc:~$: command not found
randalla009@linuxmc:~$:: command not found
randalla009@linuxmc:~$
randalla009@linuxmc:~$: command not found
randalla009@linuxmc:~$ randalla009@linuxmc:~$: command not found
randalla009@linuxmc:~$:: command not found
randalla009@linuxmc:~$ nd not found
The program 'nd' is currently not installed. To run 'nd' please ask your administrator to install the package 'nd'
randalla009@linuxmc:~$ randalla009@linuxmc:~$:: command not found
randalla009@linuxmc:~$::: command not found
randalla009@linuxmc:~$ randalla009@linuxmc:~$ randalla009@linuxmc:~$ a:: command not found
randalla009@linuxmc:~$: command not found
randalla009@linuxmc:~$ randalla009@linuxmc:~$: command not found
randalla009@linuxmc:~$:: command not found
randalla009@linuxmc:~$ randalla009@linuxmc:~$ a::: command not found
randalla009@linuxmc:~$: command not found
randalla009@linuxmc:~$ a:::: command not found
a::::: command not found
randalla009@linuxmc:~$ randalla009@linuxmc:~$ randalla009@linuxmc:~$ randalla009@linuxmc:~$ randalla009@linuxmc:~$ randalla009@linuxmc:~$
randalla009@linuxmc:~$: command not found
randalla009@linuxmc:~$ randalla009@linuxmc:~$: command not found
randalla009@linuxmc:~$:: command not found
randalla009@linuxmc:~$ randalla009@linuxmc:~$
randalla009@linuxmc:~$: command not found
randalla009@linuxmc:~$ randalla009@linuxmc:~$ randalla009@linuxmc:~$: command not found
randalla009@linuxmc:~$: command not found
randalla009@linuxmc:~$ randalla009@linuxmc:~$:: command not found
randalla009@linuxmc:~$::: command not found
randalla009@linuxmc:~$ randalla009@linuxmc:~$ randalla009@linuxmc:~$ a:: command not found
randalla009@linuxmc:~$: command not found
randalla009@linuxmc:~$ randalla009@linuxmc:~$: command not found
randalla009@linuxmc:~$:: command not found
randalla009@linuxmc:~$ randalla009@linuxmc:~$ a::: command not found
randalla009@linuxmc:~$: command not found
randalla009@linuxmc:~$ a:::: command not found
a::::: command not found
randalla009@linuxmc:~$ randalla009@linuxmc:~$ randalla009@linuxmc:~$ randalla009@linuxmc:~$ randalla009@linuxmc:~$ randalla009@linuxmc:~$
randalla009@linuxmc:~$: command not found
randalla009@linuxmc:~$ randalla009@linuxmc:~$: command not found
randalla009@linuxmc:~$:: command not found
randalla009@linuxmc:~$ randalla009@linuxmc:~$
randalla009@linuxmc:~$: command not found
randalla009@linuxmc:~$ randalla009@linuxmc:~$ randalla009@linuxmc:~$: command not found
randalla009@linuxmc:~$: command not found
randalla009@linuxmc:~$ randalla009@linuxmc:~$:: command not found
randalla009@linuxmc:~$::: command not found
randalla009@linuxmc:~$ randalla009@linuxmc:~$ randalla009@linuxmc:~$ a:: command not found
randalla009@linuxmc:~$: command not found
randalla009@linuxmc:~$ randalla009@linuxmc:~$: command not found
randalla009@linuxmc:~$:: command not found
randalla009@linuxmc:~$
21 packages can be updated.
0 updates are security updates.
*** System restart required ***
Last login: Tue Jun 20 18:39:14 2017 from 200.137.5.158
randalla009@linuxmc:~$
21 packages can be updated.
0 updates are security updates.
*** System restart required ***
Last login: Tue Jun 20 18:39:14 2017 from 200.137.5.158
randalla009@linuxmc:~$
21 packages can be updated.
0 updates are security updates.
*** System restart required ***
Last login: Tue Jun 20 18:39:14 2017 from 200.137.5.158
randalla009@linuxmc:~$
21 packages can be updated.
0 updates are security updates.
*** System restart required ***
Last login: Tue Jun 20 18:39:14 2017 from 200.137.5.158
randalla009@linuxmc:~$
21 packages can be updated.
0 updates are security updates.
*** System restart required ***
Last login: Tue Jun 20 18:39:14 2017 from 200.137.5.158
randalla009@linuxmc:~$
21 packages can be updated.
0 updates are security updates.
*** System restart required ***
Last login: Tue Jun 20 18:39:14 2017 from 200.137.5.158
randalla009@linuxmc:~$
21 packages can be updated.
0 updates are security updates.
*** System restart required ***
Last login: Tue Jun 20 18:39:14 2017 from 200.137.5.158
randalla009@linuxmc:~$
21 packages can be updated.
0 updates are security updates.
*** System restart required ***
Last login: Tue Jun 20 18:39:14 2017 from 200.137.5.158
randalla009@linuxmc:~$
21 packages can be updated.
0 updates are security updates.
*** System restart required ***
Last login: Tue Jun 20 18:39:14 2017 from 200.137.5.158
randalla009@linuxmc:~$
21 packages can be updated.
0 updates are security updates.
*** System restart required ***
Last login: Tue Jun 20 18:39:14 2017 from 200.137.5.158
randalla009@linuxmc:~$
kscufhowe
vim
vim prog.py
vim morganna.py
python3 morganna.py 
pyton
python3 morganna.py
su hadley
pwd
vim questao01.py
su hadley
python3 questao1.py
python3 questao01.py
vim questao01.py
python3 questao01.py 
vim questao01.py
python3 questao01.py
vim questao01.py
python3 questao01.py
vim questao01.py
4
python3 questao01.py
89
python3 questao01.py
vim questao01 python
vim Questao01.java
ls
vim Questao01.java
rm .Questao01.java.swp 
vim Questao01.java 
javac Questao01.java 
vim Questao01.java 
javac Questao01.java 
java Questao01 
vim questao02.py
ls
vim questao02.py
ls
ls -la
rm 
ls -la
rm .questao02.py.swp 
vim questao02.py
python3 quartao02.py
vim questao02.py
python3 quartao02.py
python3 questao02.py
vim questao03.py
python3 questao03.py
vim questao04.py

vim questao05.py
python3 questao05.py
vim questao06.py
python3 questao06.py
vim Questao02.java
ls
vim Questao02.java
vim Questao.java
ls
javac Questao02.java
java Questao02
vim Questao02.java
javac Questao02.java
ls
vim Questao03.java
javac Questao03.java
java Questao03
ls
vim Questao03.java
javac Questao03.java
vim Questao03.java
vim Questao01.java
vim questao07.py
vim Questao03.java
javac Questao03.java
vim Questao03.java
javac Questao03.java
java Questao03
vim questao07.py
python3 questao07.py
ls
vim questao08.py
ls
vim questao08.py
ls
python3 questao08
vim questao08.py
ls]
ls
python3 questao08
python3 questao08.py
vim questao09.py
ls
python3 questao09.py
vim questao10.py
ls
python3 questao09.py
vim questao10.py
python questao10.py
vim questao10
ls
vim questao10.py
python3 questao10.py
vim questao11.py
python3 questao11.py
vim Questao02.java
ls
vim Questao02.java
javac Questao02
javac Questao02.java
vim Questao02.java
vim prog.py
vim log.py
python3 log.py
vim log.py
python3 log.py
vim log1.py
python3 log1.py
vim questao1.py
ls
cd lista3bim
vim questao1.py
python3 questao3.py
vim questao3.py
ls
mkdir lista3bim
ls
cd lista3bim
ls
vim questao1.py
python3 questao1.py
vim questao1.py
python3 questao1.py
vim questao2.py
python3 questao2.py
vim questao3.py
python3 questao3.py
vim questao4.py
python3 questao4.py
ls
cd lista3bim
ls
vim questao5.py
ls
cd lista3bim
ls
vim questao5.py
ls
vim questao5.py
python3 questao5.py
ls
vim questao6.py
python3 questao6.py
vim questao6.py
python3 questao6.py
ls
vim questao7.py
python3 questao7.py
vim questao8.py
python3 questao8.py
ls
vim questao9.py
python3 questao9.py
ls
vim questao10.py
python3 questao10.py
vim questao11.py
python3 questao11.py
ls
vim quatao1.py
ls
vim questao12.py
python3 questao12.py
vim questao12.py
python3 questao12.py
vim questao12.py
python3 questao12.py
vim questao12.py
python3 questao12.py
ls
vim questao13.py
python3 questao13.py
ls
vim questao14.py
python3 questao14.py
vim questao15.py
python3 questao15.py
ls
vim questao16.py
ls
vim questao16.py
ls
python3 questao17.py
python3 questao16.py
vim questao16.py
python3 questao16.py
ls
rm -rf quatao1.py
ls
vim questao17.py
python3 questao17.py
ls
vim questao18.py
ls
cd lista3bim
ls
python3 questao18.py
vim questao19.py
ls
vim questao18.py
vim questao19.py
vim questao20.py
python3 questao20.py
ls
vim questao21.py
ls
vim questao15.py
vim questao21.py
python questao21.py
vim questao21.py
python questao21.py
ls
vim questao19.py
ls
sites
cd sites
ls
vim questao05.html
ls
vim questao06.html
ls
cd sites
ls
vim questao01.html
ls
cd sites
ls
vim bolinhas.html
twd
pwd
vim bolinhas.html
